// Jest Snapshot v1, https://goo.gl/fbAQLP

exports[`snapshot 1`] = `
<div>
  <div
    className="sc-bwzfXH jtosRe"
    onClick={[Function]}
  >
    <div
      className="sc-htpNat dhmzWx"
      style={
        Object {
          "transform": undefined,
        }
      }
    >
      <div
        className="sc-bxivhb sc-ifAKCX bGQRXC"
      >
        <p />
      </div>
      <div
        className="sc-bxivhb sc-EHOje eqIzFr"
      >
        <p />
      </div>
    </div>
  </div>
  <div>
    <button
      className="sc-bdVaJa iPNehR"
      onClick={[Function]}
    >
      Edit
    </button>
    <button
      className="sc-bdVaJa iPNehR"
      onClick={[Function]}
    >
      Delete
    </button>
  </div>
</div>
`;
